#-----------------------------------------------------------
# Vivado v2020.2 (64-bit)
# SW Build 3064766 on Wed Nov 18 09:12:45 MST 2020
# IP Build 3064653 on Wed Nov 18 14:17:31 MST 2020
# Start of session at: Mon Mar 22 17:24:23 2021
# Process ID: 16308
# Current directory: C:/Users/E5570/Desktop/DE1/Digital-electronics-1/Labs/06-display_driver/display_driver
# Command line: vivado.exe -gui_launcher_event rodinguilauncherevent14000 C:\Users\E5570\Desktop\DE1\Digital-electronics-1\Labs\06-display_driver\display_driver\display_driver.xpr
# Log file: C:/Users/E5570/Desktop/DE1/Digital-electronics-1/Labs/06-display_driver/display_driver/vivado.log
# Journal file: C:/Users/E5570/Desktop/DE1/Digital-electronics-1/Labs/06-display_driver/display_driver\vivado.jou
#-----------------------------------------------------------
start_gui
open_project C:/Users/E5570/Desktop/DE1/Digital-electronics-1/Labs/06-display_driver/display_driver/display_driver.xpr
update_compile_order -fileset sources_1
close [ open C:/Users/E5570/Desktop/DE1/Digital-electronics-1/Labs/06-display_driver/display_driver/display_driver.srcs/sources_1/new/top.vhd w ]
add_files C:/Users/E5570/Desktop/DE1/Digital-electronics-1/Labs/06-display_driver/display_driver/display_driver.srcs/sources_1/new/top.vhd
update_compile_order -fileset sources_1
update_compile_order -fileset sources_1
